// Jest Snapshot v1, https://goo.gl/fbAQLP

exports[`App.vue renders when all data is passed 1`] = `
<div
  id="app"
>
  <div
    class="flex font-bold justify-center py-4 text-2xl text-gray-700"
  >
    GitHub Activity Sniffer
  </div>
  <search-field-stub
    transformorganizationresponse="function () { [native code] }"
  />
  <error-message-stub
    message=""
  />
  <activity-item-container-stub />
  <!---->
</div>
`;
